
> frontend@0.0.0 build
> vite build

[36mvite v8.0.0 [32mbuilding client environment for production...[36m[39m
[2K
transforming...Ô£ô 1820 modules transformed.
rendering chunks...
Ô£ù Build failed in 496ms
error during build:
Build failed with 1 error:

[MISSING_EXPORT] Error: "Robot" is not exported by "node_modules/lucide-react/dist/esm/lucide-react.js".
   Ôò¡ÔöÇ[ src/App.jsx:3:47 ]
   Ôöé
 3 Ôöé import { RadioTower, Map, Activity, Settings, Robot, Menu, X, Power, PowerOff } from "lucide-react";
   Ôöé                                               ÔöÇÔöÇÔö¼ÔöÇÔöÇ  
   Ôöé                                                 Ôò░ÔöÇÔöÇÔöÇÔöÇ Missing export
ÔöÇÔöÇÔöÇÔò»

    at aggregateBindingErrorsIntoJsError (file:///C:/Users/gollu/Documents/GitHub/Worx_GPS/frontend/node_modules/rolldown/dist/shared/error-CP8smW_P.mjs:48:18)
    at unwrapBindingResult (file:///C:/Users/gollu/Documents/GitHub/Worx_GPS/frontend/node_modules/rolldown/dist/shared/error-CP8smW_P.mjs:18:128)
    at #build (file:///C:/Users/gollu/Documents/GitHub/Worx_GPS/frontend/node_modules/rolldown/dist/shared/rolldown-build-4YnQkA76.mjs:3311:34)
    at async buildEnvironment (file:///C:/Users/gollu/Documents/GitHub/Worx_GPS/frontend/node_modules/vite/dist/node/chunks/node.js:32794:64)
    at async Object.build (file:///C:/Users/gollu/Documents/GitHub/Worx_GPS/frontend/node_modules/vite/dist/node/chunks/node.js:33216:19)
    at async Object.buildApp (file:///C:/Users/gollu/Documents/GitHub/Worx_GPS/frontend/node_modules/vite/dist/node/chunks/node.js:33213:153)
    at async CAC.<anonymous> (file:///C:/Users/gollu/Documents/GitHub/Worx_GPS/frontend/node_modules/vite/dist/node/cli.js:778:3) {
  errors: [Getter/Setter]
}
